[INFO] Scanning for projects...
[INFO] 
[INFO] ---------------------< com.Carteira-de-Acao:demo >----------------------
[INFO] Building carteira-de-acao 0.0.1-SNAPSHOT
[INFO]   from pom.xml
[INFO] --------------------------------[ jar ]---------------------------------
[INFO] 
[INFO] >>> spring-boot:3.5.14:run (default-cli) > test-compile @ demo >>>
[INFO] 
[INFO] --- resources:3.3.1:resources (default-resources) @ demo ---
[INFO] Copying 1 resource from src\main\resources to target\classes
[INFO] Copying 3 resources from src\main\resources to target\classes
[INFO] 
[INFO] --- compiler:3.14.1:compile (default-compile) @ demo ---
[INFO] Nothing to compile - all classes are up to date.
[INFO] 
[INFO] --- resources:3.3.1:testResources (default-testResources) @ demo ---
[INFO] skip non existing resourceDirectory C:\Users\bonig\IdeaProjects\Carteira-de-Acao\src\test\resources
[INFO] 
[INFO] --- compiler:3.14.1:testCompile (default-testCompile) @ demo ---
[INFO] Nothing to compile - all classes are up to date.
[INFO] 
[INFO] <<< spring-boot:3.5.14:run (default-cli) < test-compile @ demo <<<
[INFO] 
[INFO] 
[INFO] --- spring-boot:3.5.14:run (default-cli) @ demo ---
[INFO] Attaching agents: []

  .   ____          _            __ _ _
 /\\ / ___'_ __ _ _(_)_ __  __ _ \ \ \ \
( ( )\___ | '_ | '_| | '_ \/ _` | \ \ \ \
 \\/  ___)| |_)| | | | | || (_| |  ) ) ) )
  '  |____| .__|_| |_|_| |_\__, | / / / /
 =========|_|==============|___/=/_/_/_/

 :: Spring Boot ::               (v3.5.14)

2026-09-01T20:47:05.662-03:00  INFO 11016 --- [carteira-de-acao] [  restartedMain] c.Carteira_de_Acao.demo.DemoApplication  : Starting DemoApplication using Java 17.0.20.1 with PID 11016 (C:\Users\bonig\IdeaProjects\Carteira-de-Acao\target\classes started by bonig in C:\Users\bonig\IdeaProjects\Carteira-de-Acao)
2026-09-01T20:47:05.665-03:00  INFO 11016 --- [carteira-de-acao] [  restartedMain] c.Carteira_de_Acao.demo.DemoApplication  : The following 2 profiles are active: "local", "h2"
2026-09-01T20:47:05.692-03:00  INFO 11016 --- [carteira-de-acao] [  restartedMain] .e.DevToolsPropertyDefaultsPostProcessor : Devtools property defaults active! Set 'spring.devtools.add-properties' to 'false' to disable
2026-09-01T20:47:05.692-03:00  INFO 11016 --- [carteira-de-acao] [  restartedMain] .e.DevToolsPropertyDefaultsPostProcessor : For additional web related logging consider setting the 'logging.level.web' property to 'DEBUG'
2026-09-01T20:47:06.190-03:00  INFO 11016 --- [carteira-de-acao] [  restartedMain] .s.d.r.c.RepositoryConfigurationDelegate : Bootstrapping Spring Data JPA repositories in DEFAULT mode.
2026-09-01T20:47:06.233-03:00  INFO 11016 --- [carteira-de-acao] [  restartedMain] .s.d.r.c.RepositoryConfigurationDelegate : Finished Spring Data repository scanning in 37 ms. Found 3 JPA repository interfaces.
2026-09-01T20:47:06.612-03:00  INFO 11016 --- [carteira-de-acao] [  restartedMain] o.s.b.w.embedded.tomcat.TomcatWebServer  : Tomcat initialized with port 8080 (http)
2026-09-01T20:47:06.623-03:00  INFO 11016 --- [carteira-de-acao] [  restartedMain] o.apache.catalina.core.StandardService   : Starting service [Tomcat]
2026-09-01T20:47:06.624-03:00  INFO 11016 --- [carteira-de-acao] [  restartedMain] o.apache.catalina.core.StandardEngine    : Starting Servlet engine: [Apache Tomcat/10.1.54]
2026-09-01T20:47:06.655-03:00  INFO 11016 --- [carteira-de-acao] [  restartedMain] o.a.c.c.C.[Tomcat].[localhost].[/]       : Initializing Spring embedded WebApplicationContext
2026-09-01T20:47:06.657-03:00  INFO 11016 --- [carteira-de-acao] [  restartedMain] w.s.c.ServletWebServerApplicationContext : Root WebApplicationContext: initialization completed in 963 ms
2026-09-01T20:47:06.763-03:00  INFO 11016 --- [carteira-de-acao] [  restartedMain] o.hibernate.jpa.internal.util.LogHelper  : HHH000204: Processing PersistenceUnitInfo [name: default]
2026-09-01T20:47:06.793-03:00  INFO 11016 --- [carteira-de-acao] [  restartedMain] org.hibernate.Version                    : HHH000412: Hibernate ORM core version 6.6.49.Final
2026-09-01T20:47:06.813-03:00  INFO 11016 --- [carteira-de-acao] [  restartedMain] o.h.c.internal.RegionFactoryInitiator    : HHH000026: Second-level cache disabled
2026-09-01T20:47:06.976-03:00  INFO 11016 --- [carteira-de-acao] [  restartedMain] o.s.o.j.p.SpringPersistenceUnitInfo      : No LoadTimeWeaver setup: ignoring JPA class transformer
2026-09-01T20:47:06.996-03:00  INFO 11016 --- [carteira-de-acao] [  restartedMain] com.zaxxer.hikari.HikariDataSource       : HikariPool-1 - Starting...
2026-09-01T20:47:07.154-03:00  INFO 11016 --- [carteira-de-acao] [  restartedMain] com.zaxxer.hikari.pool.HikariPool        : HikariPool-1 - Added connection conn0: url=jdbc:h2:mem:carteira user=SA
2026-09-01T20:47:07.156-03:00  INFO 11016 --- [carteira-de-acao] [  restartedMain] com.zaxxer.hikari.HikariDataSource       : HikariPool-1 - Start completed.
2026-09-01T20:47:07.196-03:00  INFO 11016 --- [carteira-de-acao] [  restartedMain] org.hibernate.orm.connections.pooling    : HHH10001005: Database info:
	Database JDBC URL [Connecting through datasource 'HikariDataSource (HikariPool-1)']
	Database driver: undefined/unknown
	Database version: 2.3.232
	Autocommit mode: undefined/unknown
	Isolation level: undefined/unknown
	Minimum pool size: undefined/unknown
	Maximum pool size: undefined/unknown
2026-09-01T20:47:07.766-03:00  INFO 11016 --- [carteira-de-acao] [  restartedMain] o.h.e.t.j.p.i.JtaPlatformInitiator       : HHH000489: No JTA platform available (set 'hibernate.transaction.jta.platform' to enable JTA platform integration)
2026-09-01T20:47:07.819-03:00  INFO 11016 --- [carteira-de-acao] [  restartedMain] j.LocalContainerEntityManagerFactoryBean : Initialized JPA EntityManagerFactory for persistence unit 'default'
2026-09-01T20:47:08.848-03:00  WARN 11016 --- [carteira-de-acao] [  restartedMain] JpaBaseConfiguration$JpaWebConfiguration : spring.jpa.open-in-view is enabled by default. Therefore, database queries may be performed during view rendering. Explicitly configure spring.jpa.open-in-view to disable this warning
2026-09-01T20:47:08.880-03:00  INFO 11016 --- [carteira-de-acao] [  restartedMain] o.s.b.a.w.s.WelcomePageHandlerMapping    : Adding welcome page: class path resource [static/index.html]
2026-09-01T20:47:09.509-03:00  INFO 11016 --- [carteira-de-acao] [  restartedMain] o.s.b.a.h2.H2ConsoleAutoConfiguration    : H2 console available at '/h2-console'. Database available at 'jdbc:h2:mem:carteira'
2026-09-01T20:47:09.695-03:00  INFO 11016 --- [carteira-de-acao] [  restartedMain] o.s.b.d.a.OptionalLiveReloadServer       : LiveReload server is running on port 35729
2026-09-01T20:47:09.744-03:00  INFO 11016 --- [carteira-de-acao] [  restartedMain] o.s.b.w.embedded.tomcat.TomcatWebServer  : Tomcat started on port 8080 (http) with context path '/'
2026-09-01T20:47:09.766-03:00  INFO 11016 --- [carteira-de-acao] [  restartedMain] c.Carteira_de_Acao.demo.DemoApplication  : Started DemoApplication in 4.466 seconds (process running for 4.761)
2026-09-01T20:47:10.362-03:00  INFO 11016 --- [carteira-de-acao] [nio-8080-exec-1] o.a.c.c.C.[Tomcat].[localhost].[/]       : Initializing Spring DispatcherServlet 'dispatcherServlet'
2026-09-01T20:47:10.365-03:00  INFO 11016 --- [carteira-de-acao] [nio-8080-exec-1] o.s.web.servlet.DispatcherServlet        : Initializing Servlet 'dispatcherServlet'
2026-09-01T20:47:10.367-03:00  INFO 11016 --- [carteira-de-acao] [nio-8080-exec-1] o.s.web.servlet.DispatcherServlet        : Completed initialization in 2 ms
2026-09-01T20:47:11.893-03:00  WARN 11016 --- [carteira-de-acao] [nio-8080-exec-1] .m.m.a.ExceptionHandlerExceptionResolver : Resolved [com.Carteira_de_Acao.demo.exception.RecursoNaoEncontradoException: Corretora não encontrada: id 1]
2026-09-01T20:47:26.585-03:00  WARN 11016 --- [carteira-de-acao] [nio-8080-exec-3] .m.m.a.ExceptionHandlerExceptionResolver : Resolved [com.Carteira_de_Acao.demo.exception.RecursoNaoEncontradoException: Corretora não encontrada: id 1]
2026-09-01T20:47:37.670-03:00  WARN 11016 --- [carteira-de-acao] [nio-8080-exec-5] .m.m.a.ExceptionHandlerExceptionResolver : Resolved [com.Carteira_de_Acao.demo.exception.RecursoNaoEncontradoException: Corretora não encontrada: id 1]
2026-09-01T20:47:40.019-03:00  WARN 11016 --- [carteira-de-acao] [nio-8080-exec-6] .m.m.a.ExceptionHandlerExceptionResolver : Resolved [com.Carteira_de_Acao.demo.exception.RecursoNaoEncontradoException: Corretora não encontrada: id 1]
2026-09-01T20:52:32.085-03:00  WARN 11016 --- [carteira-de-acao] [l-1:housekeeper] com.zaxxer.hikari.pool.HikariPool        : HikariPool-1 - Thread starvation or clock leap detected (housekeeper delta=54s745ms13µs800ns).
2026-09-01T21:38:35.492-03:00  WARN 11016 --- [carteira-de-acao] [l-1:housekeeper] com.zaxxer.hikari.pool.HikariPool        : HikariPool-1 - Thread starvation or clock leap detected (housekeeper delta=46m3s407ms332µs200ns).
2026-09-01T21:54:41.002-03:00  WARN 11016 --- [carteira-de-acao] [l-1:housekeeper] com.zaxxer.hikari.pool.HikariPool        : HikariPool-1 - Thread starvation or clock leap detected (housekeeper delta=11m35s426ms872µs700ns).
